V3 4
FL "C:/Users/Jagannath Paudel/Documents/fpga/copy/code.vhd" 2016/10/29.09:26:30 P.58f
EN work/code 1477712499 \
      FL "C:/Users/Jagannath Paudel/Documents/fpga/copy/code.vhd" \
      PB ieee/std_logic_1164 1364358218
AR work/code/Behavioral 1477712500 \
      FL "C:/Users/Jagannath Paudel/Documents/fpga/copy/code.vhd" EN work/code 1477712499
FL "C:/Users/Jagannath Paudel/Documents/fpga/counter2/code.vhd" 2016/10/29.00:27:45 P.58f
